sympy version: 1.14.0
sampling 150/source (seed=0) from data/visualprm_v11_filtered/stage2_kept_tau0.85.jsonl
38 sources, 5622 traces sampled
[annotations/CLEVR_math_en_20240402_extracted.jsonl] steps=494 claims=67 ok=67 fail=0
[annotations/MathV360K_prompts.jsonl] steps=644 claims=98 ok=97 fail=1
[annotations/SROIE_information_extraction_multi_turn_20240620_extracted.jsonl] steps=481 claims=22 ok=22 fail=0
[annotations/ai2d_train_12k_en_20240410_extracted.jsonl] steps=597 claims=0 ok=0 fail=0
[annotations/chartqa_trainval_30k_w_csv_en_20240402_extracted.jsonl] steps=544 claims=18 ok=18 fail=0
[annotations/cocorem_exist_yorn_en_20241016.jsonl] steps=267 claims=0 ok=0 fail=0
[annotations/docvqa_train_56k_en_20240402_extracted.jsonl] steps=437 claims=0 ok=0 fail=0
[annotations/dvqa_en_20240402_extracted_int_only.jsonl] steps=581 claims=53 ok=53 fail=0
[annotations/figureqa_en_20240402_extracted.jsonl] steps=420 claims=23 ok=23 fail=0
[annotations/geo170k_extracted_full.jsonl] steps=885 claims=1225 ok=1223 fail=2
[annotations/geometry3k_en_20240402_extracted.jsonl] steps=1047 claims=1284 ok=1279 fail=5
[annotations/geometry3k_en_20240402_extracted_open_ended_only.jsonl] steps=1025 claims=1192 ok=1186 fail=6
[annotations/geomverse_extracted.jsonl] steps=715 claims=1105 ok=1095 fail=10
[annotations/geoqa+_en_20240402_extracted_open_ended_only.jsonl] steps=862 claims=1127 ok=1127 fail=0
[annotations/geoqa+_extracted_en_version.jsonl] steps=887 claims=1147 ok=1145 fail=2
[annotations/geos_en_20240402_extracted.jsonl] steps=1091 claims=1342 ok=1318 fail=24
[annotations/geos_en_20240402_extracted_open_ended_only.jsonl] steps=582 claims=744 ok=735 fail=9
[annotations/iconqa_train_extracted.jsonl] steps=573 claims=38 ok=37 fail=1
[annotations/infographics_20240403_qa_20240407_v2_extracted.jsonl] steps=470 claims=2 ok=2 fail=0
[annotations/koniq10k_en_20240403.jsonl] steps=587 claims=0 ok=0 fail=0
[annotations/m3cot_train_extracted.jsonl] steps=728 claims=68 ok=65 fail=3
[annotations/mapqa_suv_en_20240402_extracted.jsonl] steps=492 claims=0 ok=0 fail=0
[annotations/mavis_function_abs.jsonl] steps=1408 claims=4574 ok=3602 fail=17
[annotations/mavis_function_cos.jsonl] steps=1163 claims=2119 ok=1675 fail=23
[annotations/mavis_function_log.jsonl] steps=1930 claims=6772 ok=5649 fail=64
[annotations/mavis_function_poly.jsonl] steps=1138 claims=2667 ok=1793 fail=29
[annotations/mavis_function_sin.jsonl] steps=1151 claims=2159 ok=1740 fail=32
[annotations/mavis_function_tan.jsonl] steps=1003 claims=1934 ok=1542 fail=33
[annotations/mavis_geo_depth0_text_dominant_vision_dominant_en.jsonl] steps=815 claims=896 ok=887 fail=9
[annotations/mavis_geo_depth1_text_dominant_vision_dominant_en.jsonl] steps=809 claims=1012 ok=1005 fail=7
[annotations/mavis_geo_depth2_text_dominant_vision_dominant_en.jsonl] steps=795 claims=1183 ok=1173 fail=10
[annotations/mavis_geo_depth3_text_dominant_vision_dominant_en.jsonl] steps=726 claims=1160 ok=1154 fail=6
[annotations/nlvr2_en_20240910.jsonl] steps=394 claims=2 ok=2 fail=0
[annotations/scienceqa_multi_choice_en_20240402_extracted.jsonl] steps=669 claims=16 ok=16 fail=0
[annotations/super_clevr_en_20240402_int.jsonl] steps=374 claims=2 ok=2 fail=0
[annotations/super_clevr_en_20240402_yorn.jsonl] steps=244 claims=0 ok=0 fail=0
[annotations/unigeo_calc_en_20240402_extracted_open_ended_only.jsonl] steps=974 claims=1422 ok=1414 fail=8
[annotations/vqav2_en_20240402_int.jsonl] steps=343 claims=1 ok=1 fail=0
wrote data/visualprm_v11_filtered/sympy_audit/extractability_table.md
