[reliable] host=sg041 job=56951317 start=Tue Jun 23 15:58:35 MST 2026
GPU 0: NVIDIA A100-SXM4-80GB (UUID: GPU-b588e917-e702-482e-0b79-b95526d21132)
cuda available: True
Generating train split:   0%|          | 0/245 [00:00<?, ? examples/s]Generating train split: 100%|██████████| 245/245 [00:00<00:00, 989.29 examples/s]Generating train split: 100%|██████████| 245/245 [00:00<00:00, 613.85 examples/s]
Generating train split:   0%|          | 0/666 [00:00<?, ? examples/s]Generating train split: 100%|██████████| 666/666 [00:00<00:00, 12226.04 examples/s]
Generating train split:   0%|          | 0/1652 [00:00<?, ? examples/s]Generating train split: 100%|██████████| 1652/1652 [00:00<00:00, 31656.28 examples/s]
Generating train split:   0%|          | 0/788 [00:00<?, ? examples/s]Generating train split: 100%|██████████| 788/788 [00:00<00:00, 10763.84 examples/s]
Generating train split:   0%|          | 0/1406 [00:00<?, ? examples/s]Generating train split: 100%|██████████| 1406/1406 [00:00<00:00, 35144.17 examples/s]
Some weights of the model checkpoint at microsoft/deberta-large-mnli were not used when initializing DebertaForSequenceClassification: ['config']
- This IS expected if you are initializing DebertaForSequenceClassification from the checkpoint of a model trained on another task or with another architecture (e.g. initializing a BertForSequenceClassification model from a BertForPreTraining model).
- This IS NOT expected if you are initializing DebertaForSequenceClassification from the checkpoint of a model that you expect to be exactly identical (initializing a BertForSequenceClassification model from a BertForSequenceClassification model).
{
  "datasets": [
    "sugarcrepe",
    "sugarcrepepp",
    "negbench"
  ],
  "load_errors": 5,
  "loaded_scorers": [
    "sbert",
    "nli",
    "bertscore"
  ],
  "num_cases": 12268,
  "num_pairs": 17025,
  "num_scores": 51075,
  "output_dir": "src/outputs/reliable_full",
  "requested_scorers": [
    "sbert",
    "nli",
    "bertscore"
  ],
  "scorer_errors": 0
}
[reliable] done=Tue Jun 23 16:08:32 MST 2026 exit_collect_below
=== load_errors ===
{"dataset": "negbench", "subcategory": "MSR-VTT MCQ-Neg", "error_type": "FileNotFoundError", "error_message": "No NegBench CSV found. Checked: data/msr_vtt_mcq_rephrased_llama.csv, data/images/msr_vtt_mcq_rephrased_llama.csv, data/videos/msr_vtt_mcq_rephrased_llama.csv, data/medical/msr_vtt_mcq_rephrased_llama.csv, data/msr-vtt_mcq-neg.csv, data/images/msr-vtt_mcq-neg.csv, data/videos/msr-vtt_mcq-neg.csv, data/medical/msr-vtt_mcq-neg.csv, src/metrics/reliable/data/negbench/msr_vtt_mcq_rephrased_llama.csv, src/metrics/reliable/data/negbench/images/msr_vtt_mcq_rephrased_llama.csv, src/metrics/reliable/data/negbench/videos/msr_vtt_mcq_rephrased_llama.csv, src/metrics/reliable/data/negbench/medical/msr_vtt_mcq_rephrased_llama.csv, src/metrics/reliable/data/negbench/msr-vtt_mcq-neg.csv, src/metrics/reliable/data/negbench/images/msr-vtt_mcq-neg.csv, src/metrics/reliable/data/negbench/videos/msr-vtt_mcq-neg.csv, src/metrics/reliable/data/negbench/medical/msr-vtt_mcq-neg.csv, src/data/negbench/msr_vtt_mcq_rephrased_llama.csv, src/data/negbench/images/msr_vtt_mcq_rephrased_llama.csv, src/data/negbench/videos/msr_vtt_mcq_rephrased_llama.csv, src/data/negbench/medical/msr_vtt_mcq_rephrased_llama.csv, src/data/negbench/msr-vtt_mcq-neg.csv, src/data/negbench/images/msr-vtt_mcq-neg.csv, src/data/negbench/videos/msr-vtt_mcq-neg.csv, src/data/negbench/medical/msr-vtt_mcq-neg.csv, data/negbench/msr_vtt_mcq_rephrased_llama.csv, data/negbench/images/msr_vtt_mcq_rephrased_llama.csv, data/negbench/videos/msr_vtt_mcq_rephrased_llama.csv, data/negbench/medical/msr_vtt_mcq_rephrased_llama.csv, data/negbench/msr-vtt_mcq-neg.csv, data/negbench/images/msr-vtt_mcq-neg.csv, data/negbench/videos/msr-vtt_mcq-neg.csv, data/negbench/medical/msr-vtt_mcq-neg.csv, benchmarks/data/msr_vtt_mcq_rephrased_llama.csv, benchmarks/data/images/msr_vtt_mcq_rephrased_llama.csv, benchmarks/data/videos/msr_vtt_mcq_rephrased_llama.csv, benchmarks/data/medical/msr_vtt_mcq_rephrased_llama.csv, benchmarks/data/msr-vtt_mcq-neg.csv, benchmarks/data/images/msr-vtt_mcq-neg.csv, benchmarks/data/videos/msr-vtt_mcq-neg.csv, benchmarks/data/medical/msr-vtt_mcq-neg.csv"}
{"dataset": "negbench", "subcategory": "HardNeg-Syn MCQ-Neg", "error_type": "FileNotFoundError", "error_message": "No NegBench CSV found. Checked: data/synthetic_mcq_llama3.1_rephrased.csv, data/images/synthetic_mcq_llama3.1_rephrased.csv, data/videos/synthetic_mcq_llama3.1_rephrased.csv, data/medical/synthetic_mcq_llama3.1_rephrased.csv, data/hardneg_syn_mcq_neg.csv, data/images/hardneg_syn_mcq_neg.csv, data/videos/hardneg_syn_mcq_neg.csv, data/medical/hardneg_syn_mcq_neg.csv, src/metrics/reliable/data/negbench/synthetic_mcq_llama3.1_rephrased.csv, src/metrics/reliable/data/negbench/images/synthetic_mcq_llama3.1_rephrased.csv, src/metrics/reliable/data/negbench/videos/synthetic_mcq_llama3.1_rephrased.csv, src/metrics/reliable/data/negbench/medical/synthetic_mcq_llama3.1_rephrased.csv, src/metrics/reliable/data/negbench/hardneg_syn_mcq_neg.csv, src/metrics/reliable/data/negbench/images/hardneg_syn_mcq_neg.csv, src/metrics/reliable/data/negbench/videos/hardneg_syn_mcq_neg.csv, src/metrics/reliable/data/negbench/medical/hardneg_syn_mcq_neg.csv, src/data/negbench/synthetic_mcq_llama3.1_rephrased.csv, src/data/negbench/images/synthetic_mcq_llama3.1_rephrased.csv, src/data/negbench/videos/synthetic_mcq_llama3.1_rephrased.csv, src/data/negbench/medical/synthetic_mcq_llama3.1_rephrased.csv, src/data/negbench/hardneg_syn_mcq_neg.csv, src/data/negbench/images/hardneg_syn_mcq_neg.csv, src/data/negbench/videos/hardneg_syn_mcq_neg.csv, src/data/negbench/medical/hardneg_syn_mcq_neg.csv, data/negbench/synthetic_mcq_llama3.1_rephrased.csv, data/negbench/images/synthetic_mcq_llama3.1_rephrased.csv, data/negbench/videos/synthetic_mcq_llama3.1_rephrased.csv, data/negbench/medical/synthetic_mcq_llama3.1_rephrased.csv, data/negbench/hardneg_syn_mcq_neg.csv, data/negbench/images/hardneg_syn_mcq_neg.csv, data/negbench/videos/hardneg_syn_mcq_neg.csv, data/negbench/medical/hardneg_syn_mcq_neg.csv, benchmarks/data/synthetic_mcq_llama3.1_rephrased.csv, benchmarks/data/images/synthetic_mcq_llama3.1_rephrased.csv, benchmarks/data/videos/synthetic_mcq_llama3.1_rephrased.csv, benchmarks/data/medical/synthetic_mcq_llama3.1_rephrased.csv, benchmarks/data/hardneg_syn_mcq_neg.csv, benchmarks/data/images/hardneg_syn_mcq_neg.csv, benchmarks/data/videos/hardneg_syn_mcq_neg.csv, benchmarks/data/medical/hardneg_syn_mcq_neg.csv"}
{"dataset": "negbench", "subcategory": "VOC2007 MCQ-Neg", "error_type": "FileNotFoundError", "error_message": "No NegBench CSV found. Checked: data/VOC2007_mcq_llama3.1_rephrased.csv, data/images/VOC2007_mcq_llama3.1_rephrased.csv, data/videos/VOC2007_mcq_llama3.1_rephrased.csv, data/medical/VOC2007_mcq_llama3.1_rephrased.csv, data/voc2007_mcq_neg.csv, data/images/voc2007_mcq_neg.csv, data/videos/voc2007_mcq_neg.csv, data/medical/voc2007_mcq_neg.csv, src/metrics/reliable/data/negbench/VOC2007_mcq_llama3.1_rephrased.csv, src/metrics/reliable/data/negbench/images/VOC2007_mcq_llama3.1_rephrased.csv, src/metrics/reliable/data/negbench/videos/VOC2007_mcq_llama3.1_rephrased.csv, src/metrics/reliable/data/negbench/medical/VOC2007_mcq_llama3.1_rephrased.csv, src/metrics/reliable/data/negbench/voc2007_mcq_neg.csv, src/metrics/reliable/data/negbench/images/voc2007_mcq_neg.csv, src/metrics/reliable/data/negbench/videos/voc2007_mcq_neg.csv, src/metrics/reliable/data/negbench/medical/voc2007_mcq_neg.csv, src/data/negbench/VOC2007_mcq_llama3.1_rephrased.csv, src/data/negbench/images/VOC2007_mcq_llama3.1_rephrased.csv, src/data/negbench/videos/VOC2007_mcq_llama3.1_rephrased.csv, src/data/negbench/medical/VOC2007_mcq_llama3.1_rephrased.csv, src/data/negbench/voc2007_mcq_neg.csv, src/data/negbench/images/voc2007_mcq_neg.csv, src/data/negbench/videos/voc2007_mcq_neg.csv, src/data/negbench/medical/voc2007_mcq_neg.csv, data/negbench/VOC2007_mcq_llama3.1_rephrased.csv, data/negbench/images/VOC2007_mcq_llama3.1_rephrased.csv, data/negbench/videos/VOC2007_mcq_llama3.1_rephrased.csv, data/negbench/medical/VOC2007_mcq_llama3.1_rephrased.csv, data/negbench/voc2007_mcq_neg.csv, data/negbench/images/voc2007_mcq_neg.csv, data/negbench/videos/voc2007_mcq_neg.csv, data/negbench/medical/voc2007_mcq_neg.csv, benchmarks/data/VOC2007_mcq_llama3.1_rephrased.csv, benchmarks/data/images/VOC2007_mcq_llama3.1_rephrased.csv, benchmarks/data/videos/VOC2007_mcq_llama3.1_rephrased.csv, benchmarks/data/medical/VOC2007_mcq_llama3.1_rephrased.csv, benchmarks/data/voc2007_mcq_neg.csv, benchmarks/data/images/voc2007_mcq_neg.csv, benchmarks/data/videos/voc2007_mcq_neg.csv, benchmarks/data/medical/voc2007_mcq_neg.csv"}
{"dataset": "negbench", "subcategory": "COCO-MCQ-Neg", "error_type": "FileNotFoundError", "error_message": "No NegBench CSV found. Checked: data/COCO_val_mcq_llama3.1_rephrased.csv, data/images/COCO_val_mcq_llama3.1_rephrased.csv, data/videos/COCO_val_mcq_llama3.1_rephrased.csv, data/medical/COCO_val_mcq_llama3.1_rephrased.csv, data/coco_mcq_neg.csv, data/images/coco_mcq_neg.csv, data/videos/coco_mcq_neg.csv, data/medical/coco_mcq_neg.csv, src/metrics/reliable/data/negbench/COCO_val_mcq_llama3.1_rephrased.csv, src/metrics/reliable/data/negbench/images/COCO_val_mcq_llama3.1_rephrased.csv, src/metrics/reliable/data/negbench/videos/COCO_val_mcq_llama3.1_rephrased.csv, src/metrics/reliable/data/negbench/medical/COCO_val_mcq_llama3.1_rephrased.csv, src/metrics/reliable/data/negbench/coco_mcq_neg.csv, src/metrics/reliable/data/negbench/images/coco_mcq_neg.csv, src/metrics/reliable/data/negbench/videos/coco_mcq_neg.csv, src/metrics/reliable/data/negbench/medical/coco_mcq_neg.csv, src/data/negbench/COCO_val_mcq_llama3.1_rephrased.csv, src/data/negbench/images/COCO_val_mcq_llama3.1_rephrased.csv, src/data/negbench/videos/COCO_val_mcq_llama3.1_rephrased.csv, src/data/negbench/medical/COCO_val_mcq_llama3.1_rephrased.csv, src/data/negbench/coco_mcq_neg.csv, src/data/negbench/images/coco_mcq_neg.csv, src/data/negbench/videos/coco_mcq_neg.csv, src/data/negbench/medical/coco_mcq_neg.csv, data/negbench/COCO_val_mcq_llama3.1_rephrased.csv, data/negbench/images/COCO_val_mcq_llama3.1_rephrased.csv, data/negbench/videos/COCO_val_mcq_llama3.1_rephrased.csv, data/negbench/medical/COCO_val_mcq_llama3.1_rephrased.csv, data/negbench/coco_mcq_neg.csv, data/negbench/images/coco_mcq_neg.csv, data/negbench/videos/coco_mcq_neg.csv, data/negbench/medical/coco_mcq_neg.csv, benchmarks/data/COCO_val_mcq_llama3.1_rephrased.csv, benchmarks/data/images/COCO_val_mcq_llama3.1_rephrased.csv, benchmarks/data/videos/COCO_val_mcq_llama3.1_rephrased.csv, benchmarks/data/medical/COCO_val_mcq_llama3.1_rephrased.csv, benchmarks/data/coco_mcq_neg.csv, benchmarks/data/images/coco_mcq_neg.csv, benchmarks/data/videos/coco_mcq_neg.csv, benchmarks/data/medical/coco_mcq_neg.csv"}
{"dataset": "negbench", "subcategory": "CheXpert control/negation task", "error_type": "FileNotFoundError", "error_message": "No NegBench CSV found. Checked: data/chexpert_binary_mcq.csv, data/images/chexpert_binary_mcq.csv, data/videos/chexpert_binary_mcq.csv, data/medical/chexpert_binary_mcq.csv, data/chexpert_binary_mcq_control.csv, data/images/chexpert_binary_mcq_control.csv, data/videos/chexpert_binary_mcq_control.csv, data/medical/chexpert_binary_mcq_control.csv, data/chexpert_control_negation.csv, data/images/chexpert_control_negation.csv, data/videos/chexpert_control_negation.csv, data/medical/chexpert_control_negation.csv, data/CheXpert_control_negation.csv, data/images/CheXpert_control_negation.csv, data/videos/CheXpert_control_negation.csv, data/medical/CheXpert_control_negation.csv, data/chexpert.csv, data/images/chexpert.csv, data/videos/chexpert.csv, data/medical/chexpert.csv, src/metrics/reliable/data/negbench/chexpert_binary_mcq.csv, src/metrics/reliable/data/negbench/images/chexpert_binary_mcq.csv, src/metrics/reliable/data/negbench/videos/chexpert_binary_mcq.csv, src/metrics/reliable/data/negbench/medical/chexpert_binary_mcq.csv, src/metrics/reliable/data/negbench/chexpert_binary_mcq_control.csv, src/metrics/reliable/data/negbench/images/chexpert_binary_mcq_control.csv, src/metrics/reliable/data/negbench/videos/chexpert_binary_mcq_control.csv, src/metrics/reliable/data/negbench/medical/chexpert_binary_mcq_control.csv, src/metrics/reliable/data/negbench/chexpert_control_negation.csv, src/metrics/reliable/data/negbench/images/chexpert_control_negation.csv, src/metrics/reliable/data/negbench/videos/chexpert_control_negation.csv, src/metrics/reliable/data/negbench/medical/chexpert_control_negation.csv, src/metrics/reliable/data/negbench/CheXpert_control_negation.csv, src/metrics/reliable/data/negbench/images/CheXpert_control_negation.csv, src/metrics/reliable/data/negbench/videos/CheXpert_control_negation.csv, src/metrics/reliable/data/negbench/medical/CheXpert_control_negation.csv, src/metrics/reliable/data/negbench/chexpert.csv, src/metrics/reliable/data/negbench/images/chexpert.csv, src/metrics/reliable/data/negbench/videos/chexpert.csv, src/metrics/reliable/data/negbench/medical/chexpert.csv, src/data/negbench/chexpert_binary_mcq.csv, src/data/negbench/images/chexpert_binary_mcq.csv, src/data/negbench/videos/chexpert_binary_mcq.csv, src/data/negbench/medical/chexpert_binary_mcq.csv, src/data/negbench/chexpert_binary_mcq_control.csv, src/data/negbench/images/chexpert_binary_mcq_control.csv, src/data/negbench/videos/chexpert_binary_mcq_control.csv, src/data/negbench/medical/chexpert_binary_mcq_control.csv, src/data/negbench/chexpert_control_negation.csv, src/data/negbench/images/chexpert_control_negation.csv, src/data/negbench/videos/chexpert_control_negation.csv, src/data/negbench/medical/chexpert_control_negation.csv, src/data/negbench/CheXpert_control_negation.csv, src/data/negbench/images/CheXpert_control_negation.csv, src/data/negbench/videos/CheXpert_control_negation.csv, src/data/negbench/medical/CheXpert_control_negation.csv, src/data/negbench/chexpert.csv, src/data/negbench/images/chexpert.csv, src/data/negbench/videos/chexpert.csv, src/data/negbench/medical/chexpert.csv, data/negbench/chexpert_binary_mcq.csv, data/negbench/images/chexpert_binary_mcq.csv, data/negbench/videos/chexpert_binary_mcq.csv, data/negbench/medical/chexpert_binary_mcq.csv, data/negbench/chexpert_binary_mcq_control.csv, data/negbench/images/chexpert_binary_mcq_control.csv, data/negbench/videos/chexpert_binary_mcq_control.csv, data/negbench/medical/chexpert_binary_mcq_control.csv, data/negbench/chexpert_control_negation.csv, data/negbench/images/chexpert_control_negation.csv, data/negbench/videos/chexpert_control_negation.csv, data/negbench/medical/chexpert_control_negation.csv, data/negbench/CheXpert_control_negation.csv, data/negbench/images/CheXpert_control_negation.csv, data/negbench/videos/CheXpert_control_negation.csv, data/negbench/medical/CheXpert_control_negation.csv, data/negbench/chexpert.csv, data/negbench/images/chexpert.csv, data/negbench/videos/chexpert.csv, data/negbench/medical/chexpert.csv, benchmarks/data/chexpert_binary_mcq.csv, benchmarks/data/images/chexpert_binary_mcq.csv, benchmarks/data/videos/chexpert_binary_mcq.csv, benchmarks/data/medical/chexpert_binary_mcq.csv, benchmarks/data/chexpert_binary_mcq_control.csv, benchmarks/data/images/chexpert_binary_mcq_control.csv, benchmarks/data/videos/chexpert_binary_mcq_control.csv, benchmarks/data/medical/chexpert_binary_mcq_control.csv, benchmarks/data/chexpert_control_negation.csv, benchmarks/data/images/chexpert_control_negation.csv, benchmarks/data/videos/chexpert_control_negation.csv, benchmarks/data/medical/chexpert_control_negation.csv, benchmarks/data/CheXpert_control_negation.csv, benchmarks/data/images/CheXpert_control_negation.csv, benchmarks/data/videos/CheXpert_control_negation.csv, benchmarks/data/medical/CheXpert_control_negation.csv, benchmarks/data/chexpert.csv, benchmarks/data/images/chexpert.csv, benchmarks/data/videos/chexpert.csv, benchmarks/data/medical/chexpert.csv"}
=== scorer_errors ===
=== scorer_overall ===
dataset,scorer,score_field,ranking_acc,separation_fpr_at_0_6,mean_positive_score,mean_negative_score,mean_margin
sugarcrepe,bertscore,bertscore_f1,,1.0,,0.939723806552848,-0.339723806552848
sugarcrepe,bertscore,bertscore_precision,,1.0,,0.9326586490257683,-0.3326586490257684
sugarcrepe,bertscore,bertscore_recall,,1.0,,0.9472585608298635,-0.3472585608298635
sugarcrepe,nli,C_ab,,0.5153774464119292,,0.5200969482762043,0.07990305172379562
sugarcrepe,nli,C_ba,,0.4902143522833178,,0.49535644704876286,0.10464355295123713
sugarcrepe,nli,E_ab,,0.08108108108108109,,0.09192581412262726,0.5080741858773727
sugarcrepe,nli,E_ba,,0.46451870589801625,,0.4709244592409766,0.12907554075902336
sugarcrepe,nli,nli_score_coverage,,0.06909865530555186,,0.17866512866495635,0.4213348713350436
sugarcrepe,nli,nli_score_equiv,,0.06909865530555186,,0.251087118698576,0.348912881301424
sugarcrepe,sbert,raw_score,,0.974437491678871,,0.8582002963171931,-0.2582002963171931
sugarcrepepp,bertscore,bertscore_f1,0.14021442085347907,,0.9007574295993719,0.9433684791698976,-0.04261104957052579
sugarcrepepp,bertscore,bertscore_precision,0.12781164599537523,,0.8930267143680539,0.942860450693507,-0.04983373632545303
sugarcrepepp,bertscore,bertscore_recall,0.18183729241118352,,0.9088745294109423,0.9440149626788007,-0.035140433267858415
sugarcrepepp,nli,C_ab,0.012402774858103847,,0.011897486384918457,0.8018838608452373,-0.7899863744603188
sugarcrepepp,nli,C_ba,0.018288837502627706,,0.009285182780053724,0.7693051437262994,-0.7600199609462457
sugarcrepepp,nli,E_ab,0.9829724616354846,,0.9644213338236539,0.13616526755405656,0.8282560662695974
sugarcrepepp,nli,E_ba,0.9751944502837923,,0.9605641358874307,0.18496831541790804,0.7755958204695227
sugarcrepepp,nli,nli_score_coverage,0.9777170485600168,,0.9576229274449342,0.11460438301265738,0.8430185444322768
sugarcrepepp,nli,nli_score_equiv,0.9787681311751104,,0.9565718032847608,0.1198550489512741,0.8367167543334867
sugarcrepepp,sbert,raw_score,0.7248265713685096,,0.9293428301209784,0.840213150462609,0.08912967965836933
