[neg_clause] host=sg011 job=57761933 start=Mon Jun 29 01:29:23 MST 2026
GPU 0: NVIDIA A100-SXM4-80GB (UUID: GPU-792748bd-fa3e-9396-0cd7-ba3fd50bfeaa)
cuda available: True
loaded 10,000 examples
device: cuda:0
Some weights of the model checkpoint at microsoft/deberta-large-mnli were not used when initializing DebertaForSequenceClassification: ['config']
- This IS expected if you are initializing DebertaForSequenceClassification from the checkpoint of a model trained on another task or with another architecture (e.g. initializing a BertForSequenceClassification model from a BertForPreTraining model).
- This IS NOT expected if you are initializing DebertaForSequenceClassification from the checkpoint of a model that you expect to be exactly identical (initializing a BertForSequenceClassification model from a BertForSequenceClassification model).
  [neg] 10,000 examples, 532,049 clauses -> embedding
  [neg] 266,019 matched clause-pairs -> NLI
[neg] done in 3764.6s -> src/outputs/visualprm_negation_clausesplit/clausesplit_neg.jsonl
  [baseline] 10,000 examples, 531,210 clauses -> embedding
  [baseline] 194,842 matched clause-pairs -> NLI
[base] done in 2278.7s -> src/outputs/visualprm_negation_clausesplit/clausesplit_base.jsonl
# Clause-split + min-pool NLI on VisualPRM numeric negation

N = 10,000 examples. Each solution split into atomic clauses (newline + sentence punctuation), clauses aligned via SBERT-cosine Hungarian matching (tau=0.15), NLI **equiv** scored per matched clause-pair, then pooled with **min** (one contradicted clause vetoes the solution). Mean matched clauses/example = 26.6.

**Lower FPR = better** (corrupted copy correctly scored low / not fooled). Paragraph-level numbers are the existing whole-solution NLI equiv on the same examples.

| metric | paragraph equiv | clause-split min-equiv |
|---|--:|--:|
| FPR@0.6 on neg (corrupted) ↓ | 0.530 | **0.008** |
| FPR@0.5 on neg (corrupted) ↓ | 0.594 | 0.015 |
| mean equiv on neg (corrupted) | 0.569 | 0.015 |
| median equiv on neg | 0.647 | 0.000 |
| mean equiv on base (unrelated floor) | 0.101 | 0.000 |

**Reading:** if clause-split min-equiv drops FPR@0.6 on the corrupted copy well below the paragraph 0.53, splitting removed the dilution and NLI now catches the isolated numeric flip. Residual FPR is the part NLI still misses on bare numeric equality (e.g. neutral on `=14` vs `=15`) -- the case for a hard numeric-match term.


wrote docs/negation_clausesplit_results.md
[neg_clause] done=Mon Jun 29 03:16:25 MST 2026
